{
    "HUMANN_HUMANN": {
        "content": [
            {
                "0": [
                    
                ],
                "1": [
                    
                ],
                "2": [
                    
                ],
                "3": [
                    
                ],
                "genefamilies": [
                    
                ],
                "pathabundance": [
                    
                ],
                "pathcoverage": [
                    
                ],
                "versions": [
                    
                ]
            }
        ],
        "meta": {
            "nf-test": "0.8.4",
            "nextflow": "23.10.1"
        },
        "timestamp": "2024-03-25T21:15:13.599763794"
    },
    "bacteroides_fragilis - illumina - test1_contigs_fa_gz - stub": {
        "content": [
            {
                "0": [
                    
                ],
                "1": [
                    
                ],
                "2": [
                    
                ],
                "3": [
                    
                ],
                "genefamilies": [
                    
                ],
                "pathabundance": [
                    
                ],
                "pathcoverage": [
                    
                ],
                "versions": [
                    
                ]
            }
        ],
        "meta": {
            "nf-test": "0.8.4",
            "nextflow": "23.10.1"
        },
        "timestamp": "2024-03-25T21:10:56.13956366"
    }
}