{
    " uniref_db_version = 'DEMO_diamond' ": {
        "content": [
            {
                "0": [
                    [
                        "uniref90_demo_prots_v201901b.dmnd:md5,1d2f8df48a349d72436425aafa29a6b1"
                    ]
                ],
                "1": [
                    "versions.yml:md5,9701558bc32dc67749aad70c9a67960f"
                ],
                "uniref_db_dir": [
                    [
                        "uniref90_demo_prots_v201901b.dmnd:md5,1d2f8df48a349d72436425aafa29a6b1"
                    ]
                ],
                "versions": [
                    "versions.yml:md5,9701558bc32dc67749aad70c9a67960f"
                ]
            }
        ],
        "meta": {
            "nf-test": "0.8.4",
            "nextflow": "23.10.1"
        },
        "timestamp": "2024-02-16T14:04:05.712218097"
    },
    " uniref_db_version = 'DEMO_diamond' -stub ": {
        "content": [
            {
                "0": [
                    [
                        
                    ]
                ],
                "1": [
                    "versions.yml:md5,9701558bc32dc67749aad70c9a67960f"
                ],
                "uniref_db_dir": [
                    [
                        
                    ]
                ],
                "versions": [
                    "versions.yml:md5,9701558bc32dc67749aad70c9a67960f"
                ]
            }
        ],
        "meta": {
            "nf-test": "0.8.4",
            "nextflow": "23.10.1"
        },
        "timestamp": "2024-02-16T14:04:13.931593633"
    }
}